2026-04-23T00:01:07.193+03:00  INFO 4896 --- [telegram-bot] [whenether_bot Telegram Executor] e.horbatiuk.telegrambot.handler.InfoBot  : Повідомлення від Mrdaks (chatId=1053765075): ти знаєш шо таке щястя?
2026-04-23T00:01:07.201+03:00  INFO 4896 --- [telegram-bot] [whenether_bot Telegram Executor] e.horbatiuk.telegrambot.handler.InfoBot  : NLP: intent=UNKNOWN, city=null, currency=null, amount=null
2026-04-23T00:03:10.367+03:00  INFO 4896 --- [telegram-bot] [whenether_bot Telegram Executor] e.horbatiuk.telegrambot.handler.InfoBot  : Повідомлення від Mrdaks (chatId=1053765075): /profile
2026-04-23T00:03:30.693+03:00  INFO 4896 --- [telegram-bot] [whenether_bot Telegram Executor] e.horbatiuk.telegrambot.handler.InfoBot  : Повідомлення від Mrdaks (chatId=1053765075): /setlang en
2026-04-23T00:03:33.986+03:00  INFO 4896 --- [telegram-bot] [whenether_bot Telegram Executor] e.horbatiuk.telegrambot.handler.InfoBot  : Повідомлення від Mrdaks (chatId=1053765075): в
2026-04-23T00:03:33.991+03:00  INFO 4896 --- [telegram-bot] [whenether_bot Telegram Executor] e.horbatiuk.telegrambot.handler.InfoBot  : NLP: intent=UNKNOWN, city=null, currency=null, amount=null
2026-04-23T00:04:03.040+03:00  INFO 4896 --- [telegram-bot] [whenether_bot Telegram Executor] e.horbatiuk.telegrambot.handler.InfoBot  : Повідомлення від Mrdaks (chatId=1053765075): /remind через 1 хвилин Подзвонити
2026-04-23T00:04:03.048+03:00  INFO 4896 --- [telegram-bot] [whenether_bot Telegram Executor] e.h.telegrambot.service.ReminderService  : Нагадування створено: chatId=1053765075, time=23.04.2026 00:05, text=Подзвонити
2026-04-23T00:05:28.626+03:00  INFO 4896 --- [telegram-bot] [scheduling-1] e.h.telegrambot.service.ReminderService  : Відправка нагадування #3 для chatId=1053765075
2026-04-23T00:07:48.997+03:00  INFO 4896 --- [telegram-bot] [whenether_bot Telegram Executor] e.horbatiuk.telegrambot.handler.InfoBot  : Повідомлення від Mrdaks (chatId=1053765075): /start
2026-04-23T00:07:52.737+03:00  INFO 4896 --- [telegram-bot] [whenether_bot Telegram Executor] e.horbatiuk.telegrambot.handler.InfoBot  : Повідомлення від Mrdaks (chatId=1053765075): /help
2026-04-23T00:07:57.374+03:00  INFO 4896 --- [telegram-bot] [whenether_bot Telegram Executor] e.horbatiuk.telegrambot.handler.InfoBot  : Повідомлення від Mrdaks (chatId=1053765075): /profile
2026-04-23T00:08:59.825+03:00  INFO 4896 --- [telegram-bot] [whenether_bot Telegram Executor] e.horbatiuk.telegrambot.handler.InfoBot  : Повідомлення від Mrdaks (chatId=1053765075): рш
2026-04-23T00:08:59.830+03:00  INFO 4896 --- [telegram-bot] [whenether_bot Telegram Executor] e.horbatiuk.telegrambot.handler.InfoBot  : NLP: intent=UNKNOWN, city=null, currency=null, amount=null
2026-04-23T00:10:22.689+03:00  INFO 4896 --- [telegram-bot] [whenether_bot Telegram Executor] e.horbatiuk.telegrambot.handler.InfoBot  : Повідомлення від Mrdaks (chatId=1053765075): Яка погода в чернівцях
2026-04-23T00:10:22.694+03:00  INFO 4896 --- [telegram-bot] [whenether_bot Telegram Executor] e.horbatiuk.telegrambot.handler.InfoBot  : NLP: intent=WEATHER, city=Chernivtsi, currency=null, amount=null
2026-04-23T00:10:22.694+03:00  INFO 4896 --- [telegram-bot] [whenether_bot Telegram Executor] e.h.t.service.ApiClientService           : Запит погоди: 'Chernivtsi' -> 'Chernivtsi'
2026-04-23T00:10:30.335+03:00  INFO 4896 --- [telegram-bot] [whenether_bot Telegram Executor] e.horbatiuk.telegrambot.handler.InfoBot  : Повідомлення від Mrdaks (chatId=1053765075): яка погода в німечинні
2026-04-23T00:10:30.340+03:00  INFO 4896 --- [telegram-bot] [whenether_bot Telegram Executor] e.horbatiuk.telegrambot.handler.InfoBot  : NLP: intent=WEATHER, city=null, currency=null, amount=null
2026-04-23T00:10:43.294+03:00  INFO 4896 --- [telegram-bot] [whenether_bot Telegram Executor] e.horbatiuk.telegrambot.handler.InfoBot  : Повідомлення від Mrdaks (chatId=1053765075): ти знаєш яка погода в києві?
2026-04-23T00:10:43.297+03:00  INFO 4896 --- [telegram-bot] [whenether_bot Telegram Executor] e.horbatiuk.telegrambot.handler.InfoBot  : NLP: intent=WEATHER, city=Kyiv, currency=null, amount=null
2026-04-23T00:10:43.298+03:00  INFO 4896 --- [telegram-bot] [whenether_bot Telegram Executor] e.h.t.service.ApiClientService           : Запит погоди: 'Kyiv' -> 'Kyiv'
2026-04-23T00:15:34.882+03:00  INFO 4896 --- [telegram-bot] [SpringApplicationShutdownHook] o.s.b.w.e.tomcat.GracefulShutdown        : Commencing graceful shutdown. Waiting for active requests to complete
2026-04-23T00:15:34.888+03:00  INFO 4896 --- [telegram-bot] [tomcat-shutdown] o.s.b.w.e.tomcat.GracefulShutdown        : Graceful shutdown complete
2026-04-23T00:15:34.890+03:00  INFO 4896 --- [telegram-bot] [SpringApplicationShutdownHook] j.LocalContainerEntityManagerFactoryBean : Closing JPA EntityManagerFactory for persistence unit 'default'
2026-04-23T00:15:34.891+03:00  INFO 4896 --- [telegram-bot] [SpringApplicationShutdownHook] com.zaxxer.hikari.HikariDataSource       : HikariPool-1 - Shutdown initiated...
2026-04-23T00:15:34.892+03:00  INFO 4896 --- [telegram-bot] [SpringApplicationShutdownHook] com.zaxxer.hikari.HikariDataSource       : HikariPool-1 - Shutdown completed.
2026-04-23T08:31:45.737+03:00  INFO 10828 --- [telegram-bot] [main] e.h.telegrambot.TelegramBotApplication   : Starting TelegramBotApplication using Java 21.0.10 with PID 10828 (C:\Users\Богдан\Documents\GitHub\helpers_horbatiuk\telegram-bot\target\classes started by Богдан in C:\Users\Богдан\Documents\GitHub\helpers_horbatiuk)
2026-04-23T08:31:45.738+03:00  INFO 10828 --- [telegram-bot] [main] e.h.telegrambot.TelegramBotApplication   : No active profile set, falling back to 1 default profile: "default"
2026-04-23T08:31:46.075+03:00  INFO 10828 --- [telegram-bot] [main] .s.d.r.c.RepositoryConfigurationDelegate : Bootstrapping Spring Data JPA repositories in DEFAULT mode.
2026-04-23T08:31:46.113+03:00  INFO 10828 --- [telegram-bot] [main] .s.d.r.c.RepositoryConfigurationDelegate : Finished Spring Data repository scanning in 31 ms. Found 2 JPA repository interfaces.
2026-04-23T08:31:46.400+03:00  INFO 10828 --- [telegram-bot] [main] o.s.b.w.embedded.tomcat.TomcatWebServer  : Tomcat initialized with port 8081 (http)
2026-04-23T08:31:46.407+03:00  INFO 10828 --- [telegram-bot] [main] o.apache.catalina.core.StandardService   : Starting service [Tomcat]
2026-04-23T08:31:46.407+03:00  INFO 10828 --- [telegram-bot] [main] o.apache.catalina.core.StandardEngine    : Starting Servlet engine: [Apache Tomcat/10.1.40]
2026-04-23T08:31:46.441+03:00  INFO 10828 --- [telegram-bot] [main] o.a.c.c.C.[Tomcat].[localhost].[/]       : Initializing Spring embedded WebApplicationContext
2026-04-23T08:31:46.441+03:00  INFO 10828 --- [telegram-bot] [main] w.s.c.ServletWebServerApplicationContext : Root WebApplicationContext: initialization completed in 680 ms
2026-04-23T08:31:46.529+03:00  INFO 10828 --- [telegram-bot] [main] o.hibernate.jpa.internal.util.LogHelper  : HHH000204: Processing PersistenceUnitInfo [name: default]
2026-04-23T08:31:46.575+03:00  INFO 10828 --- [telegram-bot] [main] org.hibernate.Version                    : HHH000412: Hibernate ORM core version 6.6.13.Final
2026-04-23T08:31:46.598+03:00  INFO 10828 --- [telegram-bot] [main] o.h.c.internal.RegionFactoryInitiator    : HHH000026: Second-level cache disabled
2026-04-23T08:31:46.799+03:00  INFO 10828 --- [telegram-bot] [main] o.s.o.j.p.SpringPersistenceUnitInfo      : No LoadTimeWeaver setup: ignoring JPA class transformer
2026-04-23T08:31:46.821+03:00  INFO 10828 --- [telegram-bot] [main] com.zaxxer.hikari.HikariDataSource       : HikariPool-1 - Starting...
2026-04-23T08:31:46.907+03:00  INFO 10828 --- [telegram-bot] [main] com.zaxxer.hikari.pool.HikariPool        : HikariPool-1 - Added connection org.sqlite.jdbc4.JDBC4Connection@7ad889be
2026-04-23T08:31:46.908+03:00  INFO 10828 --- [telegram-bot] [main] com.zaxxer.hikari.HikariDataSource       : HikariPool-1 - Start completed.
2026-04-23T08:31:46.935+03:00  INFO 10828 --- [telegram-bot] [main] org.hibernate.orm.connections.pooling    : HHH10001005: Database info:
	Database JDBC URL [Connecting through datasource 'HikariDataSource (HikariPool-1)']
	Database driver: undefined/unknown
	Database version: 3.51.3
	Autocommit mode: undefined/unknown
	Isolation level: undefined/unknown
	Minimum pool size: undefined/unknown
	Maximum pool size: undefined/unknown
2026-04-23T08:31:47.435+03:00  INFO 10828 --- [telegram-bot] [main] o.h.e.t.j.p.i.JtaPlatformInitiator       : HHH000489: No JTA platform available (set 'hibernate.transaction.jta.platform' to enable JTA platform integration)
2026-04-23T08:31:47.458+03:00  INFO 10828 --- [telegram-bot] [main] j.LocalContainerEntityManagerFactoryBean : Initialized JPA EntityManagerFactory for persistence unit 'default'
2026-04-23T08:31:47.492+03:00  INFO 10828 --- [telegram-bot] [main] e.horbatiuk.telegrambot.nlp.NlpService   : NLP сервіс ініціалізовано. Міст: 78, валют: 68
2026-04-23T08:31:47.775+03:00  INFO 10828 --- [telegram-bot] [main] e.horbatiuk.telegrambot.handler.InfoBot  : InfoBot ініціалізовано з усіма сервісами (лаб 1-5)
2026-04-23T08:31:47.792+03:00  WARN 10828 --- [telegram-bot] [main] JpaBaseConfiguration$JpaWebConfiguration : spring.jpa.open-in-view is enabled by default. Therefore, database queries may be performed during view rendering. Explicitly configure spring.jpa.open-in-view to disable this warning
2026-04-23T08:31:47.813+03:00  INFO 10828 --- [telegram-bot] [main] o.s.v.b.OptionalValidatorFactoryBean     : Failed to set up a Bean Validation provider: jakarta.validation.NoProviderFoundException: Unable to create a Configuration, because no Jakarta Bean Validation provider could be found. Add a provider like Hibernate Validator (RI) to your classpath.
2026-04-23T08:31:47.967+03:00  INFO 10828 --- [telegram-bot] [main] o.s.b.w.embedded.tomcat.TomcatWebServer  : Tomcat started on port 8081 (http) with context path '/'
2026-04-23T08:31:47.973+03:00  INFO 10828 --- [telegram-bot] [main] e.h.telegrambot.TelegramBotApplication   : Started TelegramBotApplication in 2.488 seconds (process running for 2.738)
2026-04-23T08:31:48.363+03:00  INFO 10828 --- [telegram-bot] [whenether_bot Telegram Executor] e.horbatiuk.telegrambot.handler.InfoBot  : Повідомлення від Mrdaks (chatId=1053765075): /profile
2026-04-23T08:32:27.236+03:00  INFO 10828 --- [telegram-bot] [whenether_bot Telegram Executor] e.horbatiuk.telegrambot.handler.InfoBot  : Повідомлення від Mrdaks (chatId=1053765075): /start
2026-04-23T08:32:29.067+03:00  INFO 10828 --- [telegram-bot] [whenether_bot Telegram Executor] e.horbatiuk.telegrambot.handler.InfoBot  : Повідомлення від Mrdaks (chatId=1053765075): /help
2026-04-23T08:32:44.799+03:00  INFO 10828 --- [telegram-bot] [whenether_bot Telegram Executor] e.horbatiuk.telegrambot.handler.InfoBot  : Повідомлення від Mrdaks (chatId=1053765075): Як справи?
2026-04-23T08:32:44.804+03:00  INFO 10828 --- [telegram-bot] [whenether_bot Telegram Executor] e.horbatiuk.telegrambot.handler.InfoBot  : NLP: intent=UNKNOWN, city=null, currency=null, amount=null
2026-04-23T08:32:48.707+03:00  INFO 10828 --- [telegram-bot] [whenether_bot Telegram Executor] e.horbatiuk.telegrambot.handler.InfoBot  : Повідомлення від Mrdaks (chatId=1053765075): Привіт
2026-04-23T08:32:48.712+03:00  INFO 10828 --- [telegram-bot] [whenether_bot Telegram Executor] e.horbatiuk.telegrambot.handler.InfoBot  : NLP: intent=GREETING, city=null, currency=null, amount=null
2026-04-23T08:32:55.749+03:00  INFO 10828 --- [telegram-bot] [whenether_bot Telegram Executor] e.horbatiuk.telegrambot.handler.InfoBot  : Повідомлення від Mrdaks (chatId=1053765075): Hallo
2026-04-23T08:32:55.753+03:00  INFO 10828 --- [telegram-bot] [whenether_bot Telegram Executor] e.horbatiuk.telegrambot.handler.InfoBot  : NLP: intent=UNKNOWN, city=null, currency=null, amount=null
2026-04-23T08:33:04.682+03:00  INFO 10828 --- [telegram-bot] [whenether_bot Telegram Executor] e.horbatiuk.telegrambot.handler.InfoBot  : Повідомлення від Mrdaks (chatId=1053765075): /clear
2026-04-23T08:33:07.240+03:00  INFO 10828 --- [telegram-bot] [whenether_bot Telegram Executor] e.horbatiuk.telegrambot.handler.InfoBot  : Повідомлення від Mrdaks (chatId=1053765075): /help
2026-04-23T08:33:42.890+03:00  INFO 10828 --- [telegram-bot] [whenether_bot Telegram Executor] e.horbatiuk.telegrambot.handler.InfoBot  : Повідомлення від Mrdaks (chatId=1053765075): Через 1 хвилин Напиши
2026-04-23T08:33:42.894+03:00  INFO 10828 --- [telegram-bot] [whenether_bot Telegram Executor] e.horbatiuk.telegrambot.handler.InfoBot  : NLP: intent=UNKNOWN, city=null, currency=null, amount=null
2026-04-23T08:34:14.009+03:00  INFO 10828 --- [telegram-bot] [whenether_bot Telegram Executor] e.horbatiuk.telegrambot.handler.InfoBot  : Повідомлення від Mrdaks (chatId=1053765075): /remind через 1 хвилин Напиши
2026-04-23T08:34:14.025+03:00  INFO 10828 --- [telegram-bot] [whenether_bot Telegram Executor] e.h.telegrambot.service.ReminderService  : Нагадування створено: chatId=1053765075, time=23.04.2026 08:35, text=Напиши
2026-04-23T08:35:18.141+03:00  INFO 10828 --- [telegram-bot] [scheduling-1] e.h.telegrambot.service.ReminderService  : Відправка нагадування #4 для chatId=1053765075
2026-04-23T08:35:48.545+03:00  INFO 10828 --- [telegram-bot] [whenether_bot Telegram Executor] e.horbatiuk.telegrambot.handler.InfoBot  : Повідомлення від Mrdaks (chatId=1053765075): /reminders
2026-04-23T08:35:59.995+03:00  INFO 10828 --- [telegram-bot] [whenether_bot Telegram Executor] e.horbatiuk.telegrambot.handler.InfoBot  : Повідомлення від Mrdaks (chatId=1053765075): /weather
2026-04-23T08:36:10.080+03:00  INFO 10828 --- [telegram-bot] [whenether_bot Telegram Executor] e.horbatiuk.telegrambot.handler.InfoBot  : Повідомлення від Mrdaks (chatId=1053765075): /weather чернауци
2026-04-23T08:36:10.086+03:00  INFO 10828 --- [telegram-bot] [whenether_bot Telegram Executor] e.h.t.service.ApiClientService           : Запит погоди: 'чернауци' -> 'чернауци'
2026-04-23T08:36:10.479+03:00 ERROR 10828 --- [telegram-bot] [whenether_bot Telegram Executor] e.h.t.service.ApiClientService           : Weather error: 400  on GET request for "http://localhost:8080/weather": "{"status":400,"error":"Bad Request","message":"Місто не знайдено: чернауци","timestamp":1776922570447}"
2026-04-23T08:36:25.517+03:00  INFO 10828 --- [telegram-bot] [whenether_bot Telegram Executor] e.horbatiuk.telegrambot.handler.InfoBot  : Повідомлення від Mrdaks (chatId=1053765075): /weather Chernivtsi
2026-04-23T08:36:25.522+03:00  INFO 10828 --- [telegram-bot] [whenether_bot Telegram Executor] e.h.t.service.ApiClientService           : Запит погоди: 'Chernivtsi' -> 'Chernivtsi'
2026-04-23T08:36:36.011+03:00  INFO 10828 --- [telegram-bot] [whenether_bot Telegram Executor] e.horbatiuk.telegrambot.handler.InfoBot  : Повідомлення від Mrdaks (chatId=1053765075): /weather Чернівці
2026-04-23T08:36:36.016+03:00  INFO 10828 --- [telegram-bot] [whenether_bot Telegram Executor] e.h.t.service.ApiClientService           : Запит погоди: 'Чернівці' -> 'Chernivtsi'
2026-04-23T08:36:42.802+03:00  INFO 10828 --- [telegram-bot] [SpringApplicationShutdownHook] o.s.b.w.e.tomcat.GracefulShutdown        : Commencing graceful shutdown. Waiting for active requests to complete
2026-04-23T08:36:42.808+03:00  INFO 10828 --- [telegram-bot] [tomcat-shutdown] o.s.b.w.e.tomcat.GracefulShutdown        : Graceful shutdown complete
2026-04-23T08:36:42.809+03:00  INFO 10828 --- [telegram-bot] [SpringApplicationShutdownHook] j.LocalContainerEntityManagerFactoryBean : Closing JPA EntityManagerFactory for persistence unit 'default'
2026-04-23T08:36:42.812+03:00  INFO 10828 --- [telegram-bot] [SpringApplicationShutdownHook] com.zaxxer.hikari.HikariDataSource       : HikariPool-1 - Shutdown initiated...
2026-04-23T08:36:42.813+03:00  INFO 10828 --- [telegram-bot] [SpringApplicationShutdownHook] com.zaxxer.hikari.HikariDataSource       : HikariPool-1 - Shutdown completed.
2026-04-23T08:41:24.035+03:00  INFO 36708 --- [telegram-bot] [main] e.h.telegrambot.TelegramBotApplication   : Starting TelegramBotApplication using Java 21.0.10 with PID 36708 (C:\Users\Богдан\Documents\GitHub\helpers_horbatiuk\telegram-bot\target\classes started by Богдан in C:\Users\Богдан\Documents\GitHub\helpers_horbatiuk)
2026-04-23T08:41:24.037+03:00  INFO 36708 --- [telegram-bot] [main] e.h.telegrambot.TelegramBotApplication   : No active profile set, falling back to 1 default profile: "default"
2026-04-23T08:41:24.359+03:00  INFO 36708 --- [telegram-bot] [main] .s.d.r.c.RepositoryConfigurationDelegate : Bootstrapping Spring Data JPA repositories in DEFAULT mode.
2026-04-23T08:41:24.395+03:00  INFO 36708 --- [telegram-bot] [main] .s.d.r.c.RepositoryConfigurationDelegate : Finished Spring Data repository scanning in 31 ms. Found 2 JPA repository interfaces.
2026-04-23T08:41:24.672+03:00  INFO 36708 --- [telegram-bot] [main] o.s.b.w.embedded.tomcat.TomcatWebServer  : Tomcat initialized with port 8081 (http)
2026-04-23T08:41:24.681+03:00  INFO 36708 --- [telegram-bot] [main] o.apache.catalina.core.StandardService   : Starting service [Tomcat]
2026-04-23T08:41:24.681+03:00  INFO 36708 --- [telegram-bot] [main] o.apache.catalina.core.StandardEngine    : Starting Servlet engine: [Apache Tomcat/10.1.40]
2026-04-23T08:41:24.717+03:00  INFO 36708 --- [telegram-bot] [main] o.a.c.c.C.[Tomcat].[localhost].[/]       : Initializing Spring embedded WebApplicationContext
2026-04-23T08:41:24.717+03:00  INFO 36708 --- [telegram-bot] [main] w.s.c.ServletWebServerApplicationContext : Root WebApplicationContext: initialization completed in 657 ms
2026-04-23T08:41:24.797+03:00  INFO 36708 --- [telegram-bot] [main] o.hibernate.jpa.internal.util.LogHelper  : HHH000204: Processing PersistenceUnitInfo [name: default]
2026-04-23T08:41:24.827+03:00  INFO 36708 --- [telegram-bot] [main] org.hibernate.Version                    : HHH000412: Hibernate ORM core version 6.6.13.Final
2026-04-23T08:41:24.845+03:00  INFO 36708 --- [telegram-bot] [main] o.h.c.internal.RegionFactoryInitiator    : HHH000026: Second-level cache disabled
2026-04-23T08:41:25.012+03:00  INFO 36708 --- [telegram-bot] [main] o.s.o.j.p.SpringPersistenceUnitInfo      : No LoadTimeWeaver setup: ignoring JPA class transformer
2026-04-23T08:41:25.030+03:00  INFO 36708 --- [telegram-bot] [main] com.zaxxer.hikari.HikariDataSource       : HikariPool-1 - Starting...
2026-04-23T08:41:25.117+03:00  INFO 36708 --- [telegram-bot] [main] com.zaxxer.hikari.pool.HikariPool        : HikariPool-1 - Added connection org.sqlite.jdbc4.JDBC4Connection@7b1a30e5
2026-04-23T08:41:25.119+03:00  INFO 36708 --- [telegram-bot] [main] com.zaxxer.hikari.HikariDataSource       : HikariPool-1 - Start completed.
2026-04-23T08:41:25.141+03:00  INFO 36708 --- [telegram-bot] [main] org.hibernate.orm.connections.pooling    : HHH10001005: Database info:
	Database JDBC URL [Connecting through datasource 'HikariDataSource (HikariPool-1)']
	Database driver: undefined/unknown
	Database version: 3.51.3
	Autocommit mode: undefined/unknown
	Isolation level: undefined/unknown
	Minimum pool size: undefined/unknown
	Maximum pool size: undefined/unknown
2026-04-23T08:41:25.586+03:00  INFO 36708 --- [telegram-bot] [main] o.h.e.t.j.p.i.JtaPlatformInitiator       : HHH000489: No JTA platform available (set 'hibernate.transaction.jta.platform' to enable JTA platform integration)
2026-04-23T08:41:25.608+03:00  INFO 36708 --- [telegram-bot] [main] j.LocalContainerEntityManagerFactoryBean : Initialized JPA EntityManagerFactory for persistence unit 'default'
2026-04-23T08:41:25.637+03:00  INFO 36708 --- [telegram-bot] [main] e.horbatiuk.telegrambot.nlp.NlpService   : NLP сервіс ініціалізовано. Міст: 78, валют: 68
2026-04-23T08:41:25.883+03:00  INFO 36708 --- [telegram-bot] [main] e.horbatiuk.telegrambot.handler.InfoBot  : InfoBot ініціалізовано з усіма сервісами (лаб 1-5)
2026-04-23T08:41:25.902+03:00  WARN 36708 --- [telegram-bot] [main] JpaBaseConfiguration$JpaWebConfiguration : spring.jpa.open-in-view is enabled by default. Therefore, database queries may be performed during view rendering. Explicitly configure spring.jpa.open-in-view to disable this warning
2026-04-23T08:41:25.923+03:00  INFO 36708 --- [telegram-bot] [main] o.s.v.b.OptionalValidatorFactoryBean     : Failed to set up a Bean Validation provider: jakarta.validation.NoProviderFoundException: Unable to create a Configuration, because no Jakarta Bean Validation provider could be found. Add a provider like Hibernate Validator (RI) to your classpath.
2026-04-23T08:41:26.068+03:00  INFO 36708 --- [telegram-bot] [main] o.s.b.w.embedded.tomcat.TomcatWebServer  : Tomcat started on port 8081 (http) with context path '/'
2026-04-23T08:41:26.073+03:00  INFO 36708 --- [telegram-bot] [main] e.h.telegrambot.TelegramBotApplication   : Started TelegramBotApplication in 2.293 seconds (process running for 2.538)
2026-04-23T08:41:38.727+03:00  INFO 36708 --- [telegram-bot] [whenether_bot Telegram Executor] e.horbatiuk.telegrambot.handler.InfoBot  : Повідомлення від Mrdaks (chatId=1053765075): /start
2026-04-23T08:41:46.837+03:00  INFO 36708 --- [telegram-bot] [whenether_bot Telegram Executor] e.horbatiuk.telegrambot.handler.InfoBot  : Повідомлення від Mrdaks (chatId=1053765075): 👤 Профіль
2026-04-23T08:41:46.843+03:00  INFO 36708 --- [telegram-bot] [whenether_bot Telegram Executor] e.horbatiuk.telegrambot.handler.InfoBot  : NLP: intent=GET_PROFILE, city=null, currency=null, amount=null
2026-04-23T08:42:15.016+03:00  INFO 36708 --- [telegram-bot] [whenether_bot Telegram Executor] e.horbatiuk.telegrambot.handler.InfoBot  : Повідомлення від Mrdaks (chatId=1053765075): /setlang uk
2026-04-23T08:42:17.120+03:00  INFO 36708 --- [telegram-bot] [whenether_bot Telegram Executor] e.horbatiuk.telegrambot.handler.InfoBot  : Повідомлення від Mrdaks (chatId=1053765075): 👤 Профіль
2026-04-23T08:42:17.126+03:00  INFO 36708 --- [telegram-bot] [whenether_bot Telegram Executor] e.horbatiuk.telegrambot.handler.InfoBot  : NLP: intent=GET_PROFILE, city=null, currency=null, amount=null
2026-04-23T08:42:27.664+03:00  INFO 36708 --- [telegram-bot] [whenether_bot Telegram Executor] e.horbatiuk.telegrambot.handler.InfoBot  : Повідомлення від Mrdaks (chatId=1053765075): 🔔 Нагадування
2026-04-23T08:42:27.669+03:00  INFO 36708 --- [telegram-bot] [whenether_bot Telegram Executor] e.horbatiuk.telegrambot.handler.InfoBot  : NLP: intent=UNKNOWN, city=null, currency=null, amount=null
2026-04-23T08:42:34.438+03:00  INFO 36708 --- [telegram-bot] [SpringApplicationShutdownHook] o.s.b.w.e.tomcat.GracefulShutdown        : Commencing graceful shutdown. Waiting for active requests to complete
2026-04-23T08:42:34.443+03:00  INFO 36708 --- [telegram-bot] [tomcat-shutdown] o.s.b.w.e.tomcat.GracefulShutdown        : Graceful shutdown complete
2026-04-23T08:42:34.445+03:00  INFO 36708 --- [telegram-bot] [SpringApplicationShutdownHook] j.LocalContainerEntityManagerFactoryBean : Closing JPA EntityManagerFactory for persistence unit 'default'
2026-04-23T08:42:34.446+03:00  INFO 36708 --- [telegram-bot] [SpringApplicationShutdownHook] com.zaxxer.hikari.HikariDataSource       : HikariPool-1 - Shutdown initiated...
2026-04-23T08:42:34.447+03:00  INFO 36708 --- [telegram-bot] [SpringApplicationShutdownHook] com.zaxxer.hikari.HikariDataSource       : HikariPool-1 - Shutdown completed.
2026-04-23T08:46:57.217+03:00  INFO 20544 --- [telegram-bot] [main] e.h.telegrambot.TelegramBotApplication   : Starting TelegramBotApplication using Java 21.0.10 with PID 20544 (C:\Users\Богдан\Documents\GitHub\helpers_horbatiuk\telegram-bot\target\classes started by Богдан in C:\Users\Богдан\Documents\GitHub\helpers_horbatiuk)
2026-04-23T08:46:57.218+03:00  INFO 20544 --- [telegram-bot] [main] e.h.telegrambot.TelegramBotApplication   : No active profile set, falling back to 1 default profile: "default"
2026-04-23T08:46:57.546+03:00  INFO 20544 --- [telegram-bot] [main] .s.d.r.c.RepositoryConfigurationDelegate : Bootstrapping Spring Data JPA repositories in DEFAULT mode.
2026-04-23T08:46:57.581+03:00  INFO 20544 --- [telegram-bot] [main] .s.d.r.c.RepositoryConfigurationDelegate : Finished Spring Data repository scanning in 30 ms. Found 2 JPA repository interfaces.
2026-04-23T08:46:57.851+03:00  INFO 20544 --- [telegram-bot] [main] o.s.b.w.embedded.tomcat.TomcatWebServer  : Tomcat initialized with port 8081 (http)
2026-04-23T08:46:57.858+03:00  INFO 20544 --- [telegram-bot] [main] o.apache.catalina.core.StandardService   : Starting service [Tomcat]
2026-04-23T08:46:57.858+03:00  INFO 20544 --- [telegram-bot] [main] o.apache.catalina.core.StandardEngine    : Starting Servlet engine: [Apache Tomcat/10.1.40]
2026-04-23T08:46:57.891+03:00  INFO 20544 --- [telegram-bot] [main] o.a.c.c.C.[Tomcat].[localhost].[/]       : Initializing Spring embedded WebApplicationContext
2026-04-23T08:46:57.891+03:00  INFO 20544 --- [telegram-bot] [main] w.s.c.ServletWebServerApplicationContext : Root WebApplicationContext: initialization completed in 648 ms
2026-04-23T08:46:57.974+03:00  INFO 20544 --- [telegram-bot] [main] o.hibernate.jpa.internal.util.LogHelper  : HHH000204: Processing PersistenceUnitInfo [name: default]
2026-04-23T08:46:58.005+03:00  INFO 20544 --- [telegram-bot] [main] org.hibernate.Version                    : HHH000412: Hibernate ORM core version 6.6.13.Final
2026-04-23T08:46:58.023+03:00  INFO 20544 --- [telegram-bot] [main] o.h.c.internal.RegionFactoryInitiator    : HHH000026: Second-level cache disabled
2026-04-23T08:46:58.187+03:00  INFO 20544 --- [telegram-bot] [main] o.s.o.j.p.SpringPersistenceUnitInfo      : No LoadTimeWeaver setup: ignoring JPA class transformer
2026-04-23T08:46:58.205+03:00  INFO 20544 --- [telegram-bot] [main] com.zaxxer.hikari.HikariDataSource       : HikariPool-1 - Starting...
2026-04-23T08:46:58.290+03:00  INFO 20544 --- [telegram-bot] [main] com.zaxxer.hikari.pool.HikariPool        : HikariPool-1 - Added connection org.sqlite.jdbc4.JDBC4Connection@516195cf
2026-04-23T08:46:58.291+03:00  INFO 20544 --- [telegram-bot] [main] com.zaxxer.hikari.HikariDataSource       : HikariPool-1 - Start completed.
2026-04-23T08:46:58.314+03:00  INFO 20544 --- [telegram-bot] [main] org.hibernate.orm.connections.pooling    : HHH10001005: Database info:
	Database JDBC URL [Connecting through datasource 'HikariDataSource (HikariPool-1)']
	Database driver: undefined/unknown
	Database version: 3.51.3
	Autocommit mode: undefined/unknown
	Isolation level: undefined/unknown
	Minimum pool size: undefined/unknown
	Maximum pool size: undefined/unknown
2026-04-23T08:46:58.755+03:00  INFO 20544 --- [telegram-bot] [main] o.h.e.t.j.p.i.JtaPlatformInitiator       : HHH000489: No JTA platform available (set 'hibernate.transaction.jta.platform' to enable JTA platform integration)
2026-04-23T08:46:58.775+03:00  INFO 20544 --- [telegram-bot] [main] j.LocalContainerEntityManagerFactoryBean : Initialized JPA EntityManagerFactory for persistence unit 'default'
2026-04-23T08:46:58.804+03:00  INFO 20544 --- [telegram-bot] [main] e.horbatiuk.telegrambot.nlp.NlpService   : NLP сервіс ініціалізовано. Міст: 78, валют: 68
2026-04-23T08:46:59.043+03:00  INFO 20544 --- [telegram-bot] [main] e.horbatiuk.telegrambot.handler.InfoBot  : InfoBot ініціалізовано з усіма сервісами (лаб 1-5)
2026-04-23T08:46:59.064+03:00  WARN 20544 --- [telegram-bot] [main] JpaBaseConfiguration$JpaWebConfiguration : spring.jpa.open-in-view is enabled by default. Therefore, database queries may be performed during view rendering. Explicitly configure spring.jpa.open-in-view to disable this warning
2026-04-23T08:46:59.085+03:00  INFO 20544 --- [telegram-bot] [main] o.s.v.b.OptionalValidatorFactoryBean     : Failed to set up a Bean Validation provider: jakarta.validation.NoProviderFoundException: Unable to create a Configuration, because no Jakarta Bean Validation provider could be found. Add a provider like Hibernate Validator (RI) to your classpath.
2026-04-23T08:46:59.231+03:00  INFO 20544 --- [telegram-bot] [main] o.s.b.w.embedded.tomcat.TomcatWebServer  : Tomcat started on port 8081 (http) with context path '/'
2026-04-23T08:46:59.237+03:00  INFO 20544 --- [telegram-bot] [main] e.h.telegrambot.TelegramBotApplication   : Started TelegramBotApplication in 2.276 seconds (process running for 2.516)
2026-04-23T08:47:05.441+03:00  INFO 20544 --- [telegram-bot] [whenether_bot Telegram Executor] e.horbatiuk.telegrambot.handler.InfoBot  : Повідомлення від Mrdaks (chatId=1053765075): 🌤 Погода
2026-04-23T08:47:05.487+03:00  INFO 20544 --- [telegram-bot] [whenether_bot Telegram Executor] e.horbatiuk.telegrambot.handler.InfoBot  : NLP: intent=WEATHER, city=null, currency=null, amount=null
2026-04-23T08:47:19.242+03:00  INFO 20544 --- [telegram-bot] [whenether_bot Telegram Executor] e.horbatiuk.telegrambot.handler.InfoBot  : Повідомлення від Mrdaks (chatId=1053765075): 💱 Конвертація
2026-04-23T08:47:19.246+03:00  INFO 20544 --- [telegram-bot] [whenether_bot Telegram Executor] e.horbatiuk.telegrambot.handler.InfoBot  : NLP: intent=UNKNOWN, city=null, currency=null, amount=null
2026-04-23T08:47:40.542+03:00  INFO 20544 --- [telegram-bot] [whenether_bot Telegram Executor] e.horbatiuk.telegrambot.handler.InfoBot  : Повідомлення від Mrdaks (chatId=1053765075): /weather Chernivtsi
2026-04-23T08:47:40.548+03:00  INFO 20544 --- [telegram-bot] [whenether_bot Telegram Executor] e.h.t.service.ApiClientService           : Запит погоди: 'Chernivtsi' -> 'Chernivtsi'
2026-04-23T08:47:46.368+03:00  INFO 20544 --- [telegram-bot] [SpringApplicationShutdownHook] o.s.b.w.e.tomcat.GracefulShutdown        : Commencing graceful shutdown. Waiting for active requests to complete
2026-04-23T08:47:46.373+03:00  INFO 20544 --- [telegram-bot] [tomcat-shutdown] o.s.b.w.e.tomcat.GracefulShutdown        : Graceful shutdown complete
2026-04-23T08:47:46.375+03:00  INFO 20544 --- [telegram-bot] [SpringApplicationShutdownHook] j.LocalContainerEntityManagerFactoryBean : Closing JPA EntityManagerFactory for persistence unit 'default'
2026-04-23T08:47:46.376+03:00  INFO 20544 --- [telegram-bot] [SpringApplicationShutdownHook] com.zaxxer.hikari.HikariDataSource       : HikariPool-1 - Shutdown initiated...
2026-04-23T08:47:46.377+03:00  INFO 20544 --- [telegram-bot] [SpringApplicationShutdownHook] com.zaxxer.hikari.HikariDataSource       : HikariPool-1 - Shutdown completed.
2026-04-23T08:49:37.006+03:00  INFO 15700 --- [telegram-bot] [main] e.h.telegrambot.TelegramBotApplication   : Starting TelegramBotApplication using Java 21.0.10 with PID 15700 (C:\Users\Богдан\Documents\GitHub\helpers_horbatiuk\telegram-bot\target\classes started by Богдан in C:\Users\Богдан\Documents\GitHub\helpers_horbatiuk)
2026-04-23T08:49:37.007+03:00  INFO 15700 --- [telegram-bot] [main] e.h.telegrambot.TelegramBotApplication   : No active profile set, falling back to 1 default profile: "default"
2026-04-23T08:49:37.333+03:00  INFO 15700 --- [telegram-bot] [main] .s.d.r.c.RepositoryConfigurationDelegate : Bootstrapping Spring Data JPA repositories in DEFAULT mode.
2026-04-23T08:49:37.366+03:00  INFO 15700 --- [telegram-bot] [main] .s.d.r.c.RepositoryConfigurationDelegate : Finished Spring Data repository scanning in 28 ms. Found 2 JPA repository interfaces.
2026-04-23T08:49:37.640+03:00  INFO 15700 --- [telegram-bot] [main] o.s.b.w.embedded.tomcat.TomcatWebServer  : Tomcat initialized with port 8081 (http)
2026-04-23T08:49:37.647+03:00  INFO 15700 --- [telegram-bot] [main] o.apache.catalina.core.StandardService   : Starting service [Tomcat]
2026-04-23T08:49:37.647+03:00  INFO 15700 --- [telegram-bot] [main] o.apache.catalina.core.StandardEngine    : Starting Servlet engine: [Apache Tomcat/10.1.40]
2026-04-23T08:49:37.682+03:00  INFO 15700 --- [telegram-bot] [main] o.a.c.c.C.[Tomcat].[localhost].[/]       : Initializing Spring embedded WebApplicationContext
2026-04-23T08:49:37.682+03:00  INFO 15700 --- [telegram-bot] [main] w.s.c.ServletWebServerApplicationContext : Root WebApplicationContext: initialization completed in 652 ms
2026-04-23T08:49:37.759+03:00  INFO 15700 --- [telegram-bot] [main] o.hibernate.jpa.internal.util.LogHelper  : HHH000204: Processing PersistenceUnitInfo [name: default]
2026-04-23T08:49:37.791+03:00  INFO 15700 --- [telegram-bot] [main] org.hibernate.Version                    : HHH000412: Hibernate ORM core version 6.6.13.Final
2026-04-23T08:49:37.809+03:00  INFO 15700 --- [telegram-bot] [main] o.h.c.internal.RegionFactoryInitiator    : HHH000026: Second-level cache disabled
2026-04-23T08:49:37.982+03:00  INFO 15700 --- [telegram-bot] [main] o.s.o.j.p.SpringPersistenceUnitInfo      : No LoadTimeWeaver setup: ignoring JPA class transformer
2026-04-23T08:49:38.001+03:00  INFO 15700 --- [telegram-bot] [main] com.zaxxer.hikari.HikariDataSource       : HikariPool-1 - Starting...
2026-04-23T08:49:38.084+03:00  INFO 15700 --- [telegram-bot] [main] com.zaxxer.hikari.pool.HikariPool        : HikariPool-1 - Added connection org.sqlite.jdbc4.JDBC4Connection@7b1a30e5
2026-04-23T08:49:38.085+03:00  INFO 15700 --- [telegram-bot] [main] com.zaxxer.hikari.HikariDataSource       : HikariPool-1 - Start completed.
2026-04-23T08:49:38.107+03:00  INFO 15700 --- [telegram-bot] [main] org.hibernate.orm.connections.pooling    : HHH10001005: Database info:
	Database JDBC URL [Connecting through datasource 'HikariDataSource (HikariPool-1)']
	Database driver: undefined/unknown
	Database version: 3.51.3
	Autocommit mode: undefined/unknown
	Isolation level: undefined/unknown
	Minimum pool size: undefined/unknown
	Maximum pool size: undefined/unknown
2026-04-23T08:49:38.552+03:00  INFO 15700 --- [telegram-bot] [main] o.h.e.t.j.p.i.JtaPlatformInitiator       : HHH000489: No JTA platform available (set 'hibernate.transaction.jta.platform' to enable JTA platform integration)
2026-04-23T08:49:38.575+03:00  INFO 15700 --- [telegram-bot] [main] j.LocalContainerEntityManagerFactoryBean : Initialized JPA EntityManagerFactory for persistence unit 'default'
2026-04-23T08:49:38.603+03:00  INFO 15700 --- [telegram-bot] [main] e.horbatiuk.telegrambot.nlp.NlpService   : NLP сервіс ініціалізовано. Міст: 78, валют: 68
2026-04-23T08:49:38.840+03:00  INFO 15700 --- [telegram-bot] [main] e.horbatiuk.telegrambot.handler.InfoBot  : InfoBot ініціалізовано з усіма сервісами (лаб 1-5)
2026-04-23T08:49:38.857+03:00  WARN 15700 --- [telegram-bot] [main] JpaBaseConfiguration$JpaWebConfiguration : spring.jpa.open-in-view is enabled by default. Therefore, database queries may be performed during view rendering. Explicitly configure spring.jpa.open-in-view to disable this warning
2026-04-23T08:49:38.879+03:00  INFO 15700 --- [telegram-bot] [main] o.s.v.b.OptionalValidatorFactoryBean     : Failed to set up a Bean Validation provider: jakarta.validation.NoProviderFoundException: Unable to create a Configuration, because no Jakarta Bean Validation provider could be found. Add a provider like Hibernate Validator (RI) to your classpath.
2026-04-23T08:49:39.035+03:00  INFO 15700 --- [telegram-bot] [main] o.s.b.w.embedded.tomcat.TomcatWebServer  : Tomcat started on port 8081 (http) with context path '/'
2026-04-23T08:49:39.041+03:00  INFO 15700 --- [telegram-bot] [main] e.h.telegrambot.TelegramBotApplication   : Started TelegramBotApplication in 2.298 seconds (process running for 2.561)
2026-04-23T08:49:39.445+03:00  INFO 15700 --- [telegram-bot] [whenether_bot Telegram Executor] e.horbatiuk.telegrambot.handler.InfoBot  : Повідомлення від Mrdaks (chatId=1053765075): 🌤 Погода
2026-04-23T08:49:39.479+03:00  INFO 15700 --- [telegram-bot] [whenether_bot Telegram Executor] e.horbatiuk.telegrambot.handler.InfoBot  : NLP: intent=WEATHER, city=null, currency=null, amount=null
2026-04-23T08:49:48.516+03:00  INFO 15700 --- [telegram-bot] [whenether_bot Telegram Executor] e.horbatiuk.telegrambot.handler.InfoBot  : Повідомлення від Mrdaks (chatId=1053765075): Київ
2026-04-23T08:49:48.521+03:00  INFO 15700 --- [telegram-bot] [whenether_bot Telegram Executor] e.horbatiuk.telegrambot.handler.InfoBot  : NLP: intent=UNKNOWN, city=Kyiv, currency=null, amount=null
2026-04-23T08:52:21.397+03:00  INFO 15700 --- [telegram-bot] [SpringApplicationShutdownHook] o.s.b.w.e.tomcat.GracefulShutdown        : Commencing graceful shutdown. Waiting for active requests to complete
2026-04-23T08:52:21.403+03:00  INFO 15700 --- [telegram-bot] [tomcat-shutdown] o.s.b.w.e.tomcat.GracefulShutdown        : Graceful shutdown complete
2026-04-23T08:52:21.405+03:00  INFO 15700 --- [telegram-bot] [SpringApplicationShutdownHook] j.LocalContainerEntityManagerFactoryBean : Closing JPA EntityManagerFactory for persistence unit 'default'
2026-04-23T08:52:21.406+03:00  INFO 15700 --- [telegram-bot] [SpringApplicationShutdownHook] com.zaxxer.hikari.HikariDataSource       : HikariPool-1 - Shutdown initiated...
2026-04-23T08:52:21.408+03:00  INFO 15700 --- [telegram-bot] [SpringApplicationShutdownHook] com.zaxxer.hikari.HikariDataSource       : HikariPool-1 - Shutdown completed.
